📂 Proyecto local: /home/markmur88/api_bank_h2
🧹 Eliminando en VPS archivos excluidos...
🗑 Eliminando: *.zip
🔄 Iniciando sincronización local -> VPS...
sending incremental file list
deleting api.sock
./
scripts/logs/sync/
scripts/logs/sync/20250610_054246_sync.log
scripts/logs/sync/20250610_054612_sync.log
scripts/menu/aliases_deploy.sh

sent 43.857 bytes  received 524 bytes  8.069,27 bytes/sec
total size is 255.347.071  speedup is 5.753,52
📡 Ejecutando comandos remotos en el VPS...
Linux coretransapi 6.1.0-37-amd64 #1 SMP PREEMPT_DYNAMIC Debian 6.1.140-1 (2025-05-22) x86_64

The programs included with the Debian GNU/Linux system are free software;
the exact distribution terms for each program are described in the
individual files in /usr/share/doc/*/copyright.

Debian GNU/Linux comes with ABSOLUTELY NO WARRANTY, to the extent
permitted by applicable law.
🌐 Entrando en directorio remoto: /home/markmur88/api_bank_heroku
🔧 Activando entorno virtual en VPS: /home/markmur88/envSIM
🔁 Reiniciando servicios en VPS...
coretransapi: stopped
coretransapi: started
📋 Estado del servicio coretransapi en VPS:
coretransapi                     RUNNING   pid 101603, uptime 0:00:06
📄 Últimos logs de error en VPS:
    sock.close_sockets(self.LISTENERS, unlink)
  File "/home/markmur88/envSIM/lib/python3.11/site-packages/gunicorn/sock.py", line 212, in close_sockets
    os.unlink(sock_name)
FileNotFoundError: [Errno 2] No such file or directory: '/home/markmur88/api_bank_heroku/api.sock'
[2025-06-10 05:46:28 +0200] [101603] [INFO] Starting gunicorn 23.0.0
[2025-06-10 05:46:28 +0200] [101603] [INFO] Listening at: unix:/home/markmur88/api_bank_heroku/api.sock (101603)
[2025-06-10 05:46:28 +0200] [101603] [INFO] Using worker: sync
[2025-06-10 05:46:28 +0200] [101604] [INFO] Booting worker with pid: 101604
[2025-06-10 05:46:28 +0200] [101605] [INFO] Booting worker with pid: 101605
[2025-06-10 05:46:28 +0200] [101606] [INFO] Booting worker with pid: 101606
✅ Comandos remotos completados.
✅ Sincronización completada.
